[
  {
    "id": "doe-gpu-linux-x64@0.5.0",
    "name": "doe-gpu-linux-x64",
    "version": "0.5.0",
    "size": 3161227,
    "unpackedSize": 11962414,
    "shasum": "db7a1bcfc9d8b85b37115c6020b5199aebf083d4",
    "integrity": "sha512-uYW5qGmLSjZBPxlbZhYcj80EpOXxR14B4EMR2/rhdcXhiKeCh4YnIP57icFJzrq8RkdKh/56XpjDB4GM/q4biQ==",
    "filename": "doe-gpu-linux-x64-0.5.0.tgz",
    "files": [
      {
        "path": "LICENSE",
        "size": 10773,
        "mode": 420
      },
      {
        "path": "bin/doe_napi.node",
        "size": 436864,
        "mode": 493
      },
      {
        "path": "bin/doe-build-metadata.json",
        "size": 422,
        "mode": 420
      },
      {
        "path": "bin/libwebgpu_doe.so",
        "size": 11513504,
        "mode": 493
      },
      {
        "path": "bin/metadata.json",
        "size": 143,
        "mode": 420
      },
      {
        "path": "index.js",
        "size": 290,
        "mode": 420
      },
      {
        "path": "package.json",
        "size": 418,
        "mode": 420
      }
    ],
    "entryCount": 7,
    "bundled": []
  }
]
